Command: /nix/store/x6sc9qfsz5ki13s9faaiblwg3js78ma8-python3-3.12.11-env/bin/python3.12 /nix/store/3kwgdiamcz3g9z6889bir2lqp0sd6paz-esp-idf-v5.5.1/tools/idf_monitor.py -p /dev/ttyUSB0 -b 115200 --toolchain-prefix xtensa-esp32-elf- --target esp32 --revision 0 /home/f/git/esp32/wif/build/wif.elf /home/f/git/esp32/wif/build/bootloader/bootloader.elf -m '/nix/store/x6sc9qfsz5ki13s9faaiblwg3js78ma8-python3-3.12.11-env/bin/python3.12' '/nix/store/3kwgdiamcz3g9z6889bir2lqp0sd6paz-esp-idf-v5.5.1/tools/idf.py' '--port' '/dev/ttyUSB0'
ddr=0003c28c vaddr=50000000 size=00020h (    32) load
[0;32mI (160) boot: Loaded app from partition at offset 0x10000[0m
[0;32mI (161) bï¿½ets Jun  8 2016 00:22:57[0m

rst:0x1 (POWERON_RESET),boot:0x13 (SPI_FAST_FLASH_BOOT)
configsip: 0, SPIWP:0xee
clk_drv:0x00,q_drv:0x00,d_drv:0x00,cs0_drv:0x00,hd_drv:0x00,wp_drv:0x00
mode:DIO, clock div:2
load:0x3fff0030,len:6380
ho 0 tail 12 room 4
load:0x40078000,len:15916
load:0x40080400,len:3860
entry 0x40080638
[0;32mI (29) boot: ESP-IDF v5.5.1 2nd stage bootloader[0m
[0;32mI (29) boot: compile time Jan  1 1980 00:00:00[0m
[0;32mI (29) boot: Multicore bootloader[0m
[0;32mI (30) boot: chip revision: v1.0[0m
[0;32mI (33) boot.esp32: SPI Speed      : 40MHz[0m
[0;32mI (37) boot.esp32: SPI Mode       : DIO[0m
[0;32mI (40) boot.esp32: SPI Flash Size : 2MB[0m
[0;32mI (44) boot: Enabling RNG early entropy source...[0m
[0;32mI (48) boot: Partition Table:[0m
[0;32mI (51) boot: ## Label            Usage          Type ST Offset   Length[0m
[0;32mI (57) boot:  0 nvs              WiFi data        01 02 00009000 00006000[0m
[0;32mI (64) boot:  1 phy_init         RF data          01 01 0000f000 00001000[0m
[0;32mI (70) boot:  2 factory          factory app      00 00 00010000 00100000[0m
[0;32mI (77) boot: End of partition table[0m
[0;32mI (80) esp_image: segment 0: paddr=00010020 vaddr=3f400020 size=099e8h ( 39400) map[0m
[0;32mI (101) esp_image: segment 1: paddr=00019a10 vaddr=3ffb0000 size=023d8h (  9176) load[0m
[0;32mI (105) esp_image: segment 2: paddr=0001bdf0 vaddr=40080000 size=04228h ( 16936) load[0m
[0;32mI (112) esp_image: segment 3: paddr=00020020 vaddr=400d0020 size=134d4h ( 79060) map[0m
[0;32mI (139) esp_image: segment 4: paddr=000334fc vaddr=40084228 size=08d88h ( 36232) load[0m
[0;32mI (154) esp_image: segment 5: paddr=0003c28c vaddr=50000000 size=00020h (    32) load[0m
[0;32mI (160) boot: Loaded app from partition at offset 0x10000[0m
[0;32mI (161) boot: Disabling RNG early entropy source...[0m
[0;32mI (172) cpu_start: Multicore app[0m
[0;32mI (180) cpu_start: Pro cpu start user code[0m
[0;32mI (180) cpu_start: cpu freq: 160000000 Hz[0m
[0;32mI (180) app_init: Application information:[0m
[0;32mI (180) app_init: Project name:     wif[0m
[0;32mI (184) app_init: App version:      cd887aa[0m
[0;32mI (188) app_init: Compile time:     Jan  1 1980 00:00:00[0m
[0;32mI (193) app_init: ELF file SHA256:  44c92b037...[0m
[0;32mI (197) app_init: ESP-IDF:          v5.5.1[0m
[0;32mI (201) efuse_init: Min chip rev:     v0.0[0m
[0;32mI (205) efuse_init: Max chip rev:     v3.99 [0m
[0;32mI (209) efuse_init: Chip rev:         v1.0[0m
[0;32mI (213) heap_init: Initializing. RAM available for dynamic allocation:[0m
[0;32mI (219) heap_init: At 3FFAE6E0 len 00001920 (6 KiB): DRAM[0m
[0;32mI (224) heap_init: At 3FFB2CA0 len 0002D360 (180 KiB): DRAM[0m
[0;32mI (229) heap_init: At 3FFE0440 len 00003AE0 (14 KiB): D/IRAM[0m
[0;32mI (235) heap_init: At 3FFE4350 len 0001BCB0 (111 KiB): D/IRAM[0m
[0;32mI (240) heap_init: At 4008CFB0 len 00013050 (76 KiB): IRAM[0m
[0;32mI (247) spi_flash: detected chip: generic[0m
[0;32mI (249) spi_flash: flash io: dio[0m
[0;33mW (252) spi_flash: Detected size(4096k) larger than the size in the binary image header(2048k). Using the size in the binary image header.[0m
[0;32mI (265) main_task: Started on CPU0[0m
[0;32mI (275) main_task: Calling app_main()[0m
[0;32mI (275) main_task: Returned from app_main()[0m
